[debug] [2026-04-24T10:03:59.385Z] ----------------------------------------------------------------------
[debug] [2026-04-24T10:03:59.391Z] Command:       C:\Program Files\nodejs\node.exe C:\Users\Bhavin3.shah\AppData\Roaming\npm\node_modules\firebase-tools\lib\bin\firebase.js login:ci --no-localhost
[debug] [2026-04-24T10:03:59.392Z] CLI Version:   15.15.0
[debug] [2026-04-24T10:03:59.392Z] Platform:      win32
[debug] [2026-04-24T10:03:59.392Z] Node Version:  v22.17.0
[debug] [2026-04-24T10:03:59.392Z] Time:          Fri Apr 24 2026 15:33:59 GMT+0530 (India Standard Time)
[debug] [2026-04-24T10:03:59.392Z] ----------------------------------------------------------------------
[debug] 
[warn] !  Authenticating with a `login:ci` token is deprecated and will be removed in a future major version of `firebase-tools`. Instead, use a service account key with `GOOGLE_APPLICATION_CREDENTIALS`: https://cloud.google.com/docs/authentication/getting-started 
[debug] [2026-04-24T10:03:59.701Z] >>> [apiv2][query] POST https://auth.firebase.tools/attest [none]
[debug] [2026-04-24T10:03:59.701Z] >>> [apiv2][body] POST https://auth.firebase.tools/attest {"session_id":"2524ef62-7608-42d2-9c8b-7e81c0da79d9"}
[debug] [2026-04-24T10:04:00.440Z] <<< [apiv2][status] POST https://auth.firebase.tools/attest 200
[debug] [2026-04-24T10:04:00.441Z] <<< [apiv2][body] POST https://auth.firebase.tools/attest {"token":"kenYYROtqJj5CQ--Gu78NZcF11egQIus4FUO1AiQO7U"}
[info] 
[info] To sign in to the Firebase CLI:
[info] 
[info] 1. Take note of your session ID:
[info] 
[info]    2524E
[info] 
[info] 2. Visit the URL below on any device and follow the instructions to get your code:
[info] 
[info]    https://auth.firebase.tools/login?code_challenge=4sY8WHDKtpD7W7ABw7rym8vfxvXZNQir3d5a-ziTiZI&session=2524ef62-7608-42d2-9c8b-7e81c0da79d9&attest=kenYYROtqJj5CQ--Gu78NZcF11egQIus4FUO1AiQO7U
[info] 
[info] 3. Paste or enter the authorization code below once you have it:
[info] 
[debug] [2026-04-24T10:11:07.888Z] ExitPromptError: User force closed the prompt with SIGINT
    at Interface.sigint (C:\Users\Bhavin3.shah\AppData\Roaming\npm\node_modules\firebase-tools\node_modules\@inquirer\core\dist\commonjs\lib\create-prompt.js:101:37)
    at Interface.emit (node:events:518:28)
    at [_ttyWrite] [as _ttyWrite] (node:internal/readline/interface:1132:18)
    at ReadStream.onkeypress (node:internal/readline/interface:271:20)
    at ReadStream.emit (node:events:530:35)
    at emitKeys (node:internal/readline/utils:370:14)
    at emitKeys.next (<anonymous>)
    at ReadStream.onData (node:internal/readline/emitKeypressEvents:64:36)
    at ReadStream.emit (node:events:518:28)
    at addChunk (node:internal/streams/readable:561:12)
[error] 
[error] Error: An unexpected error has occurred.
